// Jest Snapshot v1, https://goo.gl/fbAQLP

exports[`Add new collection textbox tests Add new collection textbox renders correctly - sync disabled 1`] = `
<div>
  <section
    class="add-collections-wrapper"
  >
    <div
      class="left-controls-group"
    >
      <div
        class="add-collection-group"
      >
        <input
          id="new_setting_title"
          maxlength="50"
          name="new_setting_title"
          placeholder=" "
          type="text"
          value=""
        />
        <label
          class="textbox_label"
        >
          Search or Add collections
        </label>
        <span
          class="ai-suggest-name-btn-wrap"
          data-tooltip-content="Suggest name with AI · Tabox Pro"
          data-tooltip-id="main-tooltip"
        >
          <button
            aria-busy="false"
            aria-label="Suggest name with AI"
            class="ai-suggest-name-btn"
            type="button"
          >
            <svg
              fill="currentColor"
              height="14"
              stroke="currentColor"
              stroke-width="0"
              viewBox="0 0 16 16"
              width="14"
              xmlns="http://www.w3.org/2000/svg"
            >
              <path
                d="M7.657 6.247c.11-.33.576-.33.686 0l.645 1.937a2.89 2.89 0 0 0 1.829 1.828l1.936.645c.33.11.33.576 0 .686l-1.937.645a2.89 2.89 0 0 0-1.828 1.829l-.645 1.936a.361.361 0 0 1-.686 0l-.645-1.937a2.89 2.89 0 0 0-1.828-1.828l-1.937-.645a.361.361 0 0 1 0-.686l1.937-.645a2.89 2.89 0 0 0 1.828-1.828zM3.794 1.148a.217.217 0 0 1 .412 0l.387 1.162c.173.518.579.924 1.097 1.097l1.162.387a.217.217 0 0 1 0 .412l-1.162.387A1.73 1.73 0 0 0 4.593 5.69l-.387 1.162a.217.217 0 0 1-.412 0L3.407 5.69A1.73 1.73 0 0 0 2.31 4.593l-1.162-.387a.217.217 0 0 1 0-.412l1.162-.387A1.73 1.73 0 0 0 3.407 2.31zM10.863.099a.145.145 0 0 1 .274 0l.258.774c.115.346.386.617.732.732l.774.258a.145.145 0 0 1 0 .274l-.774.258a1.16 1.16 0 0 0-.732.732l-.258.774a.145.145 0 0 1-.274 0l-.258-.774a1.16 1.16 0 0 0-.732-.732L9.1 2.137a.145.145 0 0 1 0-.274l.774-.258c.346-.115.617-.386.732-.732z"
              />
            </svg>
          </button>
        </span>
        <button
          class="clear-button"
          disabled=""
          style="opacity: 0;"
        >
          <svg
            fill="currentColor"
            height="16px"
            stroke="currentColor"
            stroke-width="0"
            viewBox="0 0 512 512"
            width="16px"
            xmlns="http://www.w3.org/2000/svg"
          >
            <path
              d="m289.94 256 95-95A24 24 0 0 0 351 127l-95 95-95-95a24 24 0 0 0-34 34l95 95-95 95a24 24 0 1 0 34 34l95-95 95 95a24 24 0 0 0 34-34z"
            />
          </svg>
        </button>
      </div>
      <div
        class="add-button-container"
      >
        <button
          class="add-new-collection-btn"
          id="add_new_setting"
        >
          <span>
            Add Collection
          </span>
        </button>
      </div>
      <div
        class="window-toggle-container"
      >
        <div
          class="window-choice-toggle  current-active"
          data-tooltip-class-name="small-tooltip"
          data-tooltip-content=""
          data-tooltip-id="main-tooltip"
        >
          <button
            aria-label="Save current window as collection"
            class="mode-toggle-btn active "
            data-tooltip-class-name="small-tooltip"
            data-tooltip-content="Save current window as collection"
            data-tooltip-id="main-tooltip"
            type="button"
          >
            <svg
              aria-hidden="true"
              fill="none"
              height="1em"
              stroke="currentColor"
              stroke-width="2"
              viewBox="0 0 24 24"
              width="1em"
              xmlns="http://www.w3.org/2000/svg"
            >
              <path
                d="M9.75 17L9 20l-1 1h8l-1-1-.75-3M3 13h18M5 17h14a2 2 0 002-2V5a2 2 0 00-2-2H5a2 2 0 00-2 2v10a2 2 0 002 2z"
                stroke-linecap="round"
                stroke-linejoin="round"
              />
            </svg>
          </button>
          <button
            aria-label="Save all windows as folder"
            class="mode-toggle-btn  "
            data-tooltip-class-name="small-tooltip"
            data-tooltip-content="Save all windows as folder"
            data-tooltip-id="main-tooltip"
            type="button"
          >
            <svg
              aria-hidden="true"
              fill="currentColor"
              height="1em"
              stroke="currentColor"
              stroke-width="0"
              viewBox="0 0 20 20"
              width="1em"
              xmlns="http://www.w3.org/2000/svg"
            >
              <path
                d="M7 3a1 1 0 000 2h6a1 1 0 100-2H7zM4 7a1 1 0 011-1h10a1 1 0 110 2H5a1 1 0 01-1-1zM2 11a2 2 0 012-2h12a2 2 0 012 2v4a2 2 0 01-2 2H4a2 2 0 01-2-2v-4z"
              />
            </svg>
          </button>
        </div>
      </div>
    </div>
  </section>
</div>
`;
