// Jest Snapshot v1, https://goo.gl/fbAQLP

exports[`Footer Tests Footer renders correctly 1`] = `
<footer
  id="footer"
>
  <div
    className="footer_left"
  >
    <div
      className="theme-switch-wrapper"
    >
      <div
        className="circle out"
      >
        <input
          checked={false}
          id="chkDarkMode"
          onChange={[Function]}
          type="checkbox"
        />
        <label
          className="theme-switch"
          htmlFor="chkDarkMode"
        />
        <span
          className="theme-switch-inner-circle"
          onClick={[Function]}
        />
        <div
          className="half"
        />
      </div>
      <span
        className="dark_mode_switch_label"
        onClick={[Function]}
      >
         Dark Mode: 
        <span
          id="darkModeState"
        >
          off
        </span>
      </span>
    </div>
    <span
      id="last_sync"
    >
      <svg
        className="sync_dark "
        fill="currentColor"
        height="1em"
        id="syncImg"
        stroke="currentColor"
        strokeWidth="0"
        style={
          Object {
            "color": undefined,
          }
        }
        viewBox="0 0 24 24"
        width="1em"
        xmlns="http://www.w3.org/2000/svg"
      >
        <path
          d="m13 7.101.01.001a4.978 4.978 0 0 1 2.526 1.362 5.005 5.005 0 0 1 1.363 2.528 5.061 5.061 0 0 1-.001 2.016 4.976 4.976 0 0 1-1.363 2.527l1.414 1.414a7.014 7.014 0 0 0 1.908-3.54 6.98 6.98 0 0 0 0-2.819 6.957 6.957 0 0 0-1.907-3.539 6.97 6.97 0 0 0-2.223-1.5 6.921 6.921 0 0 0-1.315-.408c-.137-.028-.275-.043-.412-.063V2L9 6l4 4V7.101zm-7.45 7.623c.174.412.392.812.646 1.19.249.37.537.718.854 1.034a7.036 7.036 0 0 0 2.224 1.501c.425.18.868.317 1.315.408.167.034.338.056.508.078v2.944l4-4-4-4v3.03c-.035-.006-.072-.003-.107-.011a4.978 4.978 0 0 1-2.526-1.362 4.994 4.994 0 0 1 .001-7.071L7.051 7.05a7.01 7.01 0 0 0-1.5 2.224A6.974 6.974 0 0 0 5 12a6.997 6.997 0 0 0 .55 2.724z"
        />
      </svg>
       
      <span
        className="sync_msg"
      >
        Sync Disabled
      </span>
    </span>
  </div>
  <div
    className="header_title"
  >
    Tabox
    <br />
    <span
      className="version"
    >
      version 
      1.0.0
    </span>
  </div>
  <span
    className="right_footer"
  >
    <div
      className="footer_icons"
    >
      <a
        href="https://twitter.com/Taboxapp"
        rel="noreferrer"
        target="_blank"
      >
        <svg
          className="social_icon twitter"
          fill="currentColor"
          height="1em"
          stroke="currentColor"
          strokeWidth="0"
          style={
            Object {
              "color": undefined,
            }
          }
          viewBox="0 0 512 512"
          width="1em"
          xmlns="http://www.w3.org/2000/svg"
        >
          <path
            d="M492 109.5c-17.4 7.7-36 12.9-55.6 15.3 20-12 35.4-31 42.6-53.6-18.7 11.1-39.4 19.2-61.5 23.5C399.8 75.8 374.6 64 346.8 64c-53.5 0-96.8 43.4-96.8 96.9 0 7.6.8 15 2.5 22.1-80.5-4-151.9-42.6-199.6-101.3-8.3 14.3-13.1 31-13.1 48.7 0 33.6 17.2 63.3 43.2 80.7-16-.4-31-4.8-44-12.1v1.2c0 47 33.4 86.1 77.7 95-8.1 2.2-16.7 3.4-25.5 3.4-6.2 0-12.3-.6-18.2-1.8 12.3 38.5 48.1 66.5 90.5 67.3-33.1 26-74.9 41.5-120.3 41.5-7.8 0-15.5-.5-23.1-1.4C62.8 432 113.7 448 168.3 448 346.6 448 444 300.3 444 172.2c0-4.2-.1-8.4-.3-12.5C462.6 146 479 129 492 109.5z"
          />
        </svg>
      </a>
      <a
        href="https://www.facebook.com/taboxext"
        rel="noreferrer"
        target="_blank"
      >
        <svg
          className="social_icon facebook"
          fill="currentColor"
          height="1em"
          stroke="currentColor"
          strokeWidth="0"
          style={
            Object {
              "color": undefined,
            }
          }
          viewBox="0 0 24 24"
          width="1em"
          xmlns="http://www.w3.org/2000/svg"
        >
          <path
            d="M0 0h24v24H0z"
            fill="none"
          />
          <path
            d="M22 12c0-5.52-4.48-10-10-10S2 6.48 2 12c0 4.84 3.44 8.87 8 9.8V15H8v-3h2V9.5C10 7.57 11.57 6 13.5 6H16v3h-2c-.55 0-1 .45-1 1v2h3v3h-3v6.95c5.05-.5 9-4.76 9-9.95z"
          />
        </svg>
      </a>
    </div>
    <a
      href="http://tabox.co"
      rel="noreferrer"
      target="_blank"
    >
      www.tabox.co
    </a>
  </span>
</footer>
`;
