// Jest Snapshot v1, https://goo.gl/fbAQLP

exports[`Header -- Sync disabled Header renders correctly - sync disabled 1`] = `
<div>
  <header
    class="header"
  >
    <div
      class="header-left"
    >
      <div
        class="login-section"
        title="Click here to enable Google Drive sync"
      >
        <div
          class="avatar-wrapper"
        >
          <img
            alt="user avatar"
            class="avatar"
            id="avatar"
            src="/images/not_signed_in.png"
          />
        </div>
        <span
          class="header_text"
        >
          Signin with Google to enable sync
        </span>
      </div>
    </div>
    <div
      class="header-right"
    >
      <div
        class="settings-loading"
      >
        ⚙️
      </div>
    </div>
  </header>
</div>
`;
