// Jest Snapshot v1, https://goo.gl/fbAQLP

exports[`Header -- Sync disabled Header renders correctly - sync disabled 1`] = `
<header
  className="header"
>
  <div
    className="user_image"
  >
    <div
      className="row"
      onClick={[Function]}
      title="Click here to enable Google Drive sync"
    >
      <div
        className="column"
      >
        <div
          className="row double-row"
        >
          <img
            alt="user avatar"
            className="avatar"
            id="avatar"
            src="/images/not_signed_in.png"
          />
        </div>
      </div>
      <span
        className="header_text"
      >
        Signin with Google to enable sync
      </span>
    </div>
  </div>
  <div
    className="settings-wrapper"
  >
    <div
      className="settings-button"
      onClick={[Function]}
      onKeyDown={[Function]}
    >
      <svg
        color="var(--text-color)"
        fill="currentColor"
        height="24"
        stroke="currentColor"
        strokeWidth="0"
        style={
          Object {
            "color": "var(--text-color)",
          }
        }
        viewBox="0 0 24 24"
        width="24"
        xmlns="http://www.w3.org/2000/svg"
      >
        <g>
          <path
            d="M0 0h24v24H0z"
            fill="none"
          />
          <path
            d="M2.132 13.63a9.942 9.942 0 0 1 0-3.26c1.102.026 2.092-.502 2.477-1.431.385-.93.058-2.004-.74-2.763a9.942 9.942 0 0 1 2.306-2.307c.76.798 1.834 1.125 2.764.74.93-.385 1.457-1.376 1.43-2.477a9.942 9.942 0 0 1 3.262 0c-.027 1.102.501 2.092 1.43 2.477.93.385 2.004.058 2.763-.74a9.942 9.942 0 0 1 2.307 2.306c-.798.76-1.125 1.834-.74 2.764.385.93 1.376 1.457 2.477 1.43a9.942 9.942 0 0 1 0 3.262c-1.102-.027-2.092.501-2.477 1.43-.385.93-.058 2.004.74 2.763a9.942 9.942 0 0 1-2.306 2.307c-.76-.798-1.834-1.125-2.764-.74-.93.385-1.457 1.376-1.43 2.477a9.942 9.942 0 0 1-3.262 0c.027-1.102-.501-2.092-1.43-2.477-.93-.385-2.004-.058-2.763.74a9.942 9.942 0 0 1-2.307-2.306c.798-.76 1.125-1.834.74-2.764-.385-.93-1.376-1.457-2.477-1.43zM12 15a3 3 0 1 0 0-6 3 3 0 0 0 0 6z"
          />
        </g>
      </svg>
    </div>
    <div
      className="szh-menu-container settings-items-wrapper"
      onBlur={[Function]}
      onKeyDown={[Function]}
    />
  </div>
</header>
`;
